// Jest Snapshot v1, https://goo.gl/fbAQLP

exports[`NotFoundPage component should render without errors 1`] = `
<div>
  <h1
    className="text"
  >
    Page Not Found
  </h1>
  <div
    className="image"
  >
    <img
      alt="Jean Claude Van Damme"
      src={null}
    />
  </div>
  <p
    className="text"
  >
    Wrong Bet. 
    <Link
      to="/"
    >
      Go Home
    </Link>
  </p>
</div>
`;
